
Abed ak2@DESKTOP-1TI128N MINGW64 ~/Documents/HW1
$ git config --global user.name "abedkarableh"

Abed ak2@DESKTOP-1TI128N MINGW64 ~/Documents/HW1
$ git config --global user.email karablehabed@gmail.com

Abed ak2@DESKTOP-1TI128N MINGW64 ~/Documents/HW1
$ git clone https://github.com/Abedkarableh/abedkarableh.git
Cloning into 'abedkarableh'...
remote: Enumerating objects: 3, done.
remote: Counting objects: 100% (3/3), done.
remote: Compressing objects: 100% (2/2), done.
remote: Total 3 (delta 0), reused 0 (delta 0), pack-reused 0
Receiving objects: 100% (3/3), done.

Abed ak2@DESKTOP-1TI128N MINGW64 ~/Documents/HW1
$ cd abedkarableh

Abed ak2@DESKTOP-1TI128N MINGW64 ~/Documents/HW1/abedkarableh (main)
$ git add abedkarableh
fatal: pathspec 'abedkarableh' did not match any files

Abed ak2@DESKTOP-1TI128N MINGW64 ~/Documents/HW1/abedkarableh (main)
$ ^[[200~touch abedkarableh
bash: $'\E[200~touch': command not found

Abed ak2@DESKTOP-1TI128N MINGW64 ~/Documents/HW1/abedkarableh (main)
$ touch abedkarableh

Abed ak2@DESKTOP-1TI128N MINGW64 ~/Documents/HW1/abedkarableh (main)
$ git add abedkarableh

Abed ak2@DESKTOP-1TI128N MINGW64 ~/Documents/HW1/abedkarableh (main)
$ git commit -m "Add abedkarableh file"
[main 172bef1] Add abedkarableh file
 1 file changed, 0 insertions(+), 0 deletions(-)
 create mode 100644 abedkarableh

Abed ak2@DESKTOP-1TI128N MINGW64 ~/Documents/HW1/abedkarableh (main)
$ git push origin main

Enumerating objects: 4, done.
Counting objects: 100% (4/4), done.
Delta compression using up to 4 threads
Compressing objects: 100% (2/2), done.
Writing objects: 100% (3/3), 276 bytes | 276.00 KiB/s, done.
Total 3 (delta 0), reused 0 (delta 0), pack-reused 0
To https://github.com/Abedkarableh/abedkarableh.git
   d4a555a..172bef1  main -> main

Abed ak2@DESKTOP-1TI128N MINGW64 ~/Documents/HW1/abedkarableh (main)
$ git status
On branch main
Your branch is up to date with 'origin/main'.

nothing to commit, working tree clean
